============================= test session starts ==============================
platform linux -- Python 3.10.12, pytest-9.1.1, pluggy-1.6.0 -- /home/colligo/sglang-wiki/envs/run/bin/python
cachedir: .pytest_cache
rootdir: /home/colligo/sglang-wiki/repos/sglang-omni
configfile: pyproject.toml
plugins: anyio-4.14.2, asyncio-1.4.0
asyncio: mode=strict, debug=False, asyncio_default_fixture_loop_scope=None, asyncio_default_test_loop_scope=function
collecting ... collected 3 items

tests/integration/cosmos3/test_super_gpu.py::test_super_reasoner[text] Failed to import mooncake: No module named 'mooncake'. MooncakeRelay will not work. Install with: pip install mooncake-transfer-engine
Failed to import nixl: No module named 'nixl'. NixlRelay will not work.
Failed to import torchada: No module named 'torchada'. MUSA platform compatibility will not work.
[2026-09-15 17:47:35] Stage process reasoner failed
Traceback (most recent call last):
  File "/home/colligo/sglang-wiki/repos/sglang-omni/sglang_omni/pipeline/stage_workers.py", line 451, in stage_process_main
    _run_process(spec, ready_event, log)
  File "/home/colligo/sglang-wiki/repos/sglang-omni/sglang_omni/pipeline/stage_workers.py", line 530, in _run_process
    _construct_stage(
  File "/home/colligo/sglang-wiki/repos/sglang-omni/sglang_omni/pipeline/stage_workers.py", line 667, in _construct_stage
    scheduler = _construct_scheduler(spec, gpu_id, log)
  File "/home/colligo/sglang-wiki/repos/sglang-omni/sglang_omni/pipeline/stage_workers.py", line 920, in _construct_scheduler
    return _invoke()
  File "/home/colligo/sglang-wiki/repos/sglang-omni/sglang_omni/pipeline/stage_workers.py", line 911, in _invoke
    return factory(**factory_args)
  File "/home/colligo/sglang-wiki/repos/sglang-omni/sglang_omni/models/cosmos3/reasoner.py", line 328, in create_reasoner_scheduler
    engine = Engine(**kwargs)
  File "/home/colligo/sglang-wiki/envs/run/lib/python3.10/site-packages/sglang/utils.py", line 393, in __call__
    return module(*args, **kwargs)
  File "/home/colligo/sglang-wiki/envs/run/lib/python3.10/site-packages/sglang/srt/entrypoints/engine.py", line 290, in __init__
    ) = self._launch_subprocesses(
  File "/home/colligo/sglang-wiki/envs/run/lib/python3.10/site-packages/sglang/srt/entrypoints/engine.py", line 1211, in _launch_subprocesses
    tokenizer_manager, template_manager = init_tokenizer_manager_func(
  File "/home/colligo/sglang-wiki/envs/run/lib/python3.10/site-packages/sglang/srt/entrypoints/engine.py", line 174, in init_tokenizer_manager
    tokenizer_manager = TokenizerManagerClass(server_args, port_args)
  File "/home/colligo/sglang-wiki/envs/run/lib/python3.10/site-packages/sglang/srt/managers/tokenizer_manager.py", line 436, in __init__
    self.init_tokenizer_and_processor()
  File "/home/colligo/sglang-wiki/envs/run/lib/python3.10/site-packages/sglang/srt/managers/tokenizer_manager.py", line 499, in init_tokenizer_and_processor
    self.mm_processor = get_mm_processor(
  File "/home/colligo/sglang-wiki/envs/run/lib/python3.10/site-packages/sglang/srt/managers/multimodal_processor.py", line 82, in get_mm_processor
    processor_cls = get_mm_processor_cls(hf_config, server_args, model_config)
  File "/home/colligo/sglang-wiki/envs/run/lib/python3.10/site-packages/sglang/srt/managers/multimodal_processor.py", line 53, in get_mm_processor_cls
    get_resolved_model_impl(model_config) == ModelImpl.TRANSFORMERS
  File "/home/colligo/sglang-wiki/envs/run/lib/python3.10/site-packages/sglang/srt/model_loader/utils.py", line 252, in get_resolved_model_impl
    _, resolved_arch = get_model_architecture(model_config)
  File "/home/colligo/sglang-wiki/envs/run/lib/python3.10/site-packages/sglang/srt/model_loader/utils.py", line 229, in get_model_architecture
    architectures = resolve_transformers_arch(model_config, architectures)
  File "/home/colligo/sglang-wiki/envs/run/lib/python3.10/site-packages/sglang/srt/model_loader/utils.py", line 154, in resolve_transformers_arch
    raise ValueError(
ValueError: Cannot find model module. 'Cosmos3ForConditionalGeneration' is not a registered model in the Transformers library (only relevant if the model is meant to be in Transformers) and 'AutoModel' is not present in the model config's 'auto_map' (relevant if the model is custom).

libfabric:2343785:1789519664::core:core:cuda_gdrcopy_hmem_init():192<warn> gdrcopy_dl_hmem_init failed!
libfabric:2343785:1789519664::core:core:fi_getinfo_():1392<warn> fi_getinfo: provider efa output empty list
libfabric:2343720:1789519664::core:core:cuda_gdrcopy_hmem_init():192<warn> gdrcopy_dl_hmem_init failed!
libfabric:2343720:1789519664::core:core:fi_getinfo_():1392<warn> fi_getinfo: provider efa output empty list
pluto-prod-yutengl-dev-202-3-0:2343720:2343720 [0] NCCL INFO ENV/Plugin: Could not find: libnccl-env.so
pluto-prod-yutengl-dev-202-3-0:2343720:2343720 [0] NCCL INFO Bootstrap: Using eth0:10.91.207.160<0>
pluto-prod-yutengl-dev-202-3-0:2343720:2343720 [0] NCCL INFO cudaDriverVersion 13000
pluto-prod-yutengl-dev-202-3-0:2343720:2343720 [0] NCCL INFO NCCL version 2.29.7+cuda13.2
pluto-prod-yutengl-dev-202-3-0:2343720:2343720 [0] NCCL INFO NCCL git version stable b81d6a5a3
pluto-prod-yutengl-dev-202-3-0:2343720:2343720 [0] NCCL INFO NET/Plugin: Loaded net plugin Libfabric (v10)
pluto-prod-yutengl-dev-202-3-0:2343720:2343720 [0] NCCL INFO Successfully loaded external network plugin /opt/aws-ofi-nccl/install/lib/libnccl-net.so
pluto-prod-yutengl-dev-202-3-0:2343720:2343720 [0] NCCL INFO NET/OFI Initializing aws-ofi-nccl 1.16.1
pluto-prod-yutengl-dev-202-3-0:2343720:2343720 [0] NCCL INFO NET/OFI Using Libfabric version 2.1
pluto-prod-yutengl-dev-202-3-0:2343720:2343720 [0] NCCL INFO NET/OFI Using CUDA driver version 13000 with runtime 12080
pluto-prod-yutengl-dev-202-3-0:2343720:2343720 [0] NCCL INFO NET/OFI Configuring AWS-specific options
pluto-prod-yutengl-dev-202-3-0:2343720:2343720 [0] NCCL INFO NET/OFI Internode latency set at 75.0 us
pluto-prod-yutengl-dev-202-3-0:2343720:2343720 [0] NCCL INFO NET/OFI Using transport protocol RDMA (platform set)
pluto-prod-yutengl-dev-202-3-0:2343720:2343720 [0] NCCL INFO NET/OFI No eligible providers were found

[2026-09-15 17:47:44] pluto-prod-yutengl-dev-202-3-0:2343720:2343720 [0] int nccl_net_ofi_create_plugin(nccl_net_ofi_plugin_t**):215 NCCL WARN NET/OFI Failed to initialize rdma protocol

[2026-09-15 17:47:44] pluto-prod-yutengl-dev-202-3-0:2343720:2343720 [0] int nccl_net_ofi_create_plugin(nccl_net_ofi_plugin_t**):352 NCCL WARN NET/OFI aws-ofi-nccl initialization failed

[2026-09-15 17:47:44] pluto-prod-yutengl-dev-202-3-0:2343720:2343720 [0] ncclResult_t nccl_net_ofi_init_v6(ncclDebugLogger_t):166 NCCL WARN NET/OFI Initializing plugin failed
pluto-prod-yutengl-dev-202-3-0:2343720:2343720 [0] NCCL INFO plugin/net/net_v10.cc:82 -> 2
pluto-prod-yutengl-dev-202-3-0:2343720:2343720 [0] NCCL INFO Failed to initialize NET plugin Libfabric
pluto-prod-yutengl-dev-202-3-0:2343720:2343720 [0] NCCL INFO NET/IB : No device found.
pluto-prod-yutengl-dev-202-3-0:2343720:2343720 [0] NCCL INFO NET/IB : Using [RO]; OOB eth0:10.91.207.160<0>
pluto-prod-yutengl-dev-202-3-0:2343720:2343720 [0] NCCL INFO Failed to initialize NET plugin IB
pluto-prod-yutengl-dev-202-3-0:2343720:2343720 [0] NCCL INFO NET/Socket : Using [0]eth0:10.91.207.160<0>
pluto-prod-yutengl-dev-202-3-0:2343720:2343720 [0] NCCL INFO Initialized NET plugin Socket
pluto-prod-yutengl-dev-202-3-0:2343720:2343720 [0] NCCL INFO Assigned NET plugin Socket to comm
pluto-prod-yutengl-dev-202-3-0:2343720:2343720 [0] NCCL INFO GIN/Plugin: Could not find: libnccl-gin.so
pluto-prod-yutengl-dev-202-3-0:2343720:2343720 [0] NCCL INFO Successfully loaded external gin plugin /opt/aws-ofi-nccl/install/lib/libnccl-net.so
pluto-prod-yutengl-dev-202-3-0:2343720:2343720 [0] NCCL INFO Failed to initialize any GIN plugin
pluto-prod-yutengl-dev-202-3-0:2343720:2343720 [0] NCCL INFO Using network Socket
pluto-prod-yutengl-dev-202-3-0:2343720:2343720 [0] NCCL INFO [Rank 0] ncclCommInitRank comm 0x55d4b53c5eb0 rank 0 nranks 2 cudaDev 0 nvmlDev 0 busId 64000 commId 0x61621680a983e695 - Init START
pluto-prod-yutengl-dev-202-3-0:2343720:2343720 [0] NCCL INFO RAS client listening socket at ::1<28028>
pluto-prod-yutengl-dev-202-3-0:2343720:2343720 [0] NCCL INFO Bootstrap timings total 0.001092 (create 0.000059, send 0.000102, recv 0.000344, ring 0.000038, delay 0.000001)
pluto-prod-yutengl-dev-202-3-0:2343720:2343720 [0] NCCL INFO NCCL_CUMEM_ENABLE set by environment to 0.
pluto-prod-yutengl-dev-202-3-0:2343720:2343720 [0] NCCL INFO MNNVL busId 0x64000 fabric UUID 0.0 cliqueId 0x0 state 3 healthMask 0x0
pluto-prod-yutengl-dev-202-3-0:2343720:2343720 [0] NCCL INFO ncclTopoGetCpuAffinity: Affinity for GPU 0 is 0-47,96-143. (GPU affinity = 0-47,96-143 ; CPU affinity pluto-prod-yutengl-dev-202-3-0:2343785:2343785 [1] NCCL INFO ENV/Plugin: Could not find: libnccl-env.so
pluto-prod-yutengl-dev-202-3-0:2343785:2343785 [1] NCCL INFO cudaDriverVersion 13000
pluto-prod-yutengl-dev-202-3-0:2343785:2343785 [1] NCCL INFO Bootstrap: Using eth0:10.91.207.160<0>
pluto-prod-yutengl-dev-202-3-0:2343785:2343785 [1] NCCL INFO NCCL version 2.29.7+cuda13.2
pluto-prod-yutengl-dev-202-3-0:2343785:2343785 [1] NCCL INFO NCCL git version stable b81d6a5a3
pluto-prod-yutengl-dev-202-3-0:2343785:2343785 [1] NCCL INFO NET/Plugin: Loaded net plugin Libfabric (v10)
pluto-prod-yutengl-dev-202-3-0:2343785:2343785 [1] NCCL INFO Successfully loaded external network plugin /opt/aws-ofi-nccl/install/lib/libnccl-net.so
pluto-prod-yutengl-dev-202-3-0:2343785:2343785 [1] NCCL INFO NET/OFI Initializing aws-ofi-nccl 1.16.1
pluto-prod-yutengl-dev-202-3-0:2343785:2343785 [1] NCCL INFO NET/OFI Using Libfabric version 2.1
pluto-prod-yutengl-dev-202-3-0:2343785:2343785 [1] NCCL INFO NET/OFI Using CUDA driver version 13000 with runtime 12080
pluto-prod-yutengl-dev-202-3-0:2343785:2343785 [1] NCCL INFO NET/OFI Configuring AWS-specific options
pluto-prod-yutengl-dev-202-3-0:2343785:2343785 [1] NCCL INFO NET/OFI Internode latency set at 75.0 us
pluto-prod-yutengl-dev-202-3-0:2343785:2343785 [1] NCCL INFO NET/OFI Using transport protocol RDMA (platform set)
pluto-prod-yutengl-dev-202-3-0:2343785:2343785 [1] NCCL INFO NET/OFI No eligible providers were found

[2026-09-15 17:47:44] pluto-prod-yutengl-dev-202-3-0:2343785:2343785 [1] int nccl_net_ofi_create_plugin(nccl_net_ofi_plugin_t**):215 NCCL WARN NET/OFI Failed to initialize rdma protocol

[2026-09-15 17:47:44] pluto-prod-yutengl-dev-202-3-0:2343785:2343785 [1] int nccl_net_ofi_create_plugin(nccl_net_ofi_plugin_t**):352 NCCL WARN NET/OFI aws-ofi-nccl initialization failed

[2026-09-15 17:47:44] pluto-prod-yutengl-dev-202-3-0:2343785:2343785 [1] ncclResult_t nccl_net_ofi_init_v6(ncclDebugLogger_t):166 NCCL WARN NET/OFI Initializing plugin failed
pluto-prod-yutengl-dev-202-3-0:2343785:2343785 [1] NCCL INFO plugin/net/net_v10.cc:82 -> 2
pluto-prod-yutengl-dev-202-3-0:2343785:2343785 [1] NCCL INFO Failed to initialize NET plugin Libfabric
pluto-prod-yutengl-dev-202-3-0:2343785:2343785 [1] NCCL INFO NET/IB : No device found.
pluto-prod-yutengl-dev-202-3-0:2343785:2343785 [1] NCCL INFO NET/IB : Using [RO]; OOB eth0:10.91.207.160<0>
pluto-prod-yutengl-dev-202-3-0:2343785:2343785 [1] NCCL INFO Failed to initialize NET plugin IB
pluto-prod-yutengl-dev-202-3-0:2343785:2343785 [1] NCCL INFO NET/Socket : Using [0]eth0:10.91.207.160<0>
pluto-prod-yutengl-dev-202-3-0:2343785:2343785 [1] NCCL INFO Initialized NET plugin Socket
pluto-prod-yutengl-dev-202-3-0:2343785:2343785 [1] NCCL INFO Assigned NET plugin Socket to comm
pluto-prod-yutengl-dev-202-3-0:2343785:2343785 [1] NCCL INFO GIN/Plugin: Could not find: libnccl-gin.so
pluto-prod-yutengl-dev-202-3-0:2343785:2343785 [1] NCCL INFO Successfully loaded external gin plugin /opt/aws-ofi-nccl/install/lib/libnccl-net.so
pluto-prod-yutengl-dev-202-3-0:2343785:2343785 [1] NCCL INFO Failed to initialize any GIN plugin
pluto-prod-yutengl-dev-202-3-0:2343785:2343785 [1] NCCL INFO Using network Socket
pluto-prod-yutengl-dev-202-3-0:2343785:2343785 [1] NCCL INFO [Rank 1] ncclCommInitRank comm 0x55d2dcb27e90 rank 1 nranks 2 cudaDev 1 nvmlDev 1 busId 75000 commId 0x61621680a983e695 - Init START
pluto-prod-yutengl-dev-202-3-0:2343785:2343785 [1] NCCL INFO RAS client listening socket at ::1<28028>
pluto-prod-yutengl-dev-202-3-0:2343785:2343785 [1] NCCL INFO Bootstrap timings total 0.030250 (create 0.000079, send 0.000246, recv 0.029249, ring 0.000037, delay 0.000001)
pluto-prod-yutengl-dev-202-3-0:2343785:2343785 [1] NCCL INFO NCCL_CUMEM_ENABLE set by environment to 0.
pluto-prod-yutengl-dev-202-3-0:2343785:2343785 [1] NCCL INFO MNNVL busId 0x75000 fabric UUID 0.0 cliqueId 0x0 state 3 healthMask 0x0
pluto-prod-yutengl-dev-202-3-0:2343785:2343785 [1] NCCL INFO ncclTopoGetCpuAffinity: Affinity for GPU 1 is 0-47,96-143. (GPU affinity = 0-47,96-143 ; CPU affinity = 0-47,96-143).
pluto-prod-yutengl-dev-202-3-0:2343720:2343720 [0] NCCL INFO NCCL_NVLS_ENABLE set by environment to 0.
pluto-prod-yutengl-dev-202-3-0:2343720:2343720 [0] NCCL INFO comm 0x55d4b53c5eb0 rank 0 nRanks 2 nNodes 1 localRanks 2 localRank 0 MNNVL 0
pluto-prod-yutengl-dev-202-3-0:2343720:2343720 [0] NCCL INFO Channel 00/24 : 0 1
pluto-prod-yutengl-dev-202-3-0:2343720:2343720 [0] NCCL INFO Channel 01/24 : 0 1
pluto-prod-yutengl-dev-202-3-0:2343720:2343720 [0] NCCL INFO Channel 02/24 : 0 1
pluto-prod-yutengl-dev-202-3-0:2343720:2343720 [0] NCCL INFO Channel 03/24 : 0 1
pluto-prod-yutengl-dev-202-3-0:2343720:2343720 [0] NCCL INFO Channel 04/24 : 0 1
pluto-prod-yutengl-dev-202-3-0:2343720:2343720 [0] NCCL INFO Channel 05/24 : 0 1
pluto-prod-yutengl-dev-202-3-0:2343720:2343720 [0] NCCL INFO Channel 06/24 : 0 1
pluto-prod-yutengl-dev-202-3-0:2343720:2343720 [0] NCCL INFO Channel 07/24 : 0 1
pluto-prod-yutengl-dev-202-3-0:2343720:2343720 [0] NCCL INFO Channel 08/24 : 0 1
pluto-prod-yutengl-dev-202-3-0:2343720:2343720 [0] NCCL INFO Channel 09/24 : 0 1
pluto-prod-yutengl-dev-202-3-0:2343720:2343720 [0] NCCL INFO Channel 10/24 : 0 1
pluto-prod-yutengl-dev-202-3-0:2343720:2343720 [0] NCCL INFO Channel 11/24 : 0 1
pluto-prod-yutengl-dev-202-3-0:2343720:2343720 [0] NCCL INFO Channel 12/24 : 0 1
pluto-prod-yutengl-dev-202-3-0:2343720:2343720 [0] NCCL INFO Channel 13/24 : 0 1
pluto-prod-yutengl-dev-202-3-0:2343720:2343720 [0] NCCL INFO Channel 14/24 : 0 1
pluto-prod-yutengl-dev-202-3-0:2343720:2343720 [0] NCCL INFO Channel 15/24 : 0 1
pluto-prod-yutengl-dev-202-3-0:2343720:2343720 [0] NCCL INFO Channel 16/24 : 0 1
pluto-prod-yutengl-dev-202-3-0:2343720:2343720 [0] NCCL INFO Channel 17/24 : 0 1
pluto-prod-yutengl-dev-202-3-0:2343720:2343720 [0] NCCL INFO Channel 18/24 : 0 1
pluto-prod-yutengl-dev-202-3-0:2343720:2343720 [0] NCCL INFO Channel 19/24 : 0 1
pluto-prod-yutengl-dev-202-3-0:2343720:2343720 [0] NCCL INFO Channel 20/24 : 0 1
pluto-prod-yutengl-dev-202-3-0:2343720:2343720 [0] NCCL INFO Channel 21/24 : 0 1
pluto-prod-yutengl-dev-202-3-0:2343720:2343720 [0] NCCL INFO Channel 22/24 : 0 1
pluto-prod-yutengl-dev-202-3-0:2343720:2343720 [0] NCCL INFO Channel 23/24 : 0 1
pluto-prod-yutengl-dev-202-3-0:2343720:2343720 [0] NCCL INFO Trees [0] 1/-1/-1->0->-1 [1] 1/-1/-1->0->-1 [2] 1/-1/-1->0->-1 [3] 1/-1/-1->0->-1 [4] 1/-1/-1->0->-1 [5] 1/-1/-1->0->-1 [6] -1/-1/-1->0->1 [7] -1/-1/-1->0->1 [8] -1/-1/-1->0->1 [9] -1/-1/-1->0->1 [10] -1/-1/-1->0->1 [11] -1/-1/-1->0->1 [12] 1/-1/-1->0->-1 [13] 1/-1/-1->0->-1 [14] 1/-1/-1->0->-1 [15] 1/-1/-1->0->-1 [16] 1/-1/-1->0->-1 [17] 1/-1/-1->0->-1 [18] -1/-1/-1->0->1 [19] -1/-1/-1->0->1 [20] -1/-1/-1->0->1 [21] -1/-1/-1->0->1 [22] -1/-1/-1->0->1 [23] -1/-1/-1->0->1
pluto-prod-yutengl-dev-202-3-0:2343720:2343720 [0] NCCL INFO P2P Chunksize set to 524288
pluto-prod-yutengl-dev-202-3-0:2343720:2343720 [0] NCCL INFO PROFILER/Plugin: Could not find: libnccl-profiler.so
pluto-prod-yutengl-dev-202-3-0:2343720:2343720 [0] NCCL INFO Check P2P Type isAllDirectP2p 1 directMode 0 isAllCudaP2p 1
pluto-prod-yutengl-dev-202-3-0:2343720:2344530 [0] NCCL INFO [Proxy Service UDS] Device 0 CPU core 142
pluto-prod-yutengl-dev-202-3-0:2343720:2344527 [0] NCCL INFO [Proxy Service] Device 0 CPU core 29
pluto-prod-yutengl-dev-202-3-0:2343720:2343720 [0] NCCL INFO Channel 00/0 : 0[0] -> 1[1] via P2P/IPC
pluto-prod-yutengl-dev-202-3-0:2343720:2343720 [0] NCCL INFO Channel 01/0 : 0[0] -> 1[1] via P2P/IPC
pluto-prod-yutengl-dev-202-3-0:2343720:2343720 [0] NCCL INFO Channel 02/0 : 0[0] -> 1[1] via P2P/IPC
pluto-prod-yutengl-dev-202-3-0:2343720:2343720 [0] NCCL INFO Channel 03/0 : 0[0] -> 1[1] via P2P/IPC
pluto-prod-yutengl-dev-202-3-0:2343720:2343720 [0] NCCL INFO Channel 04/0 : 0[0] -> 1[1] via P2P/IPC
pluto-prod-yutengl-dev-202-3-0:2343720:2343720 [0] NCCL INFO Channel 05/0 : 0[0] -> 1[1] via P2P/IPC
pluto-prod-yutengl-dev-202-3-0:2343720:2343720 [0] NCCL INFO Channel 06/0 : 0[0] -> 1[1] via P2P/IPC
pluto-prod-yutengl-dev-202-3-0:2343720:2343720 [0] NCCL INFO Channel 07/0 : 0[0] -> 1[1] via P2P/IPC
pluto-prod-yutengl-dev-2= 0-47,96-143).
pluto-prod-yutengl-dev-202-3-0:2343785:2343785 [1] NCCL INFO NCCL_NVLS_ENABLE set by environment to 0.
pluto-prod-yutengl-dev-202-3-0:2343785:2343785 [1] NCCL INFO comm 0x55d2dcb27e90 rank 1 nRanks 2 nNodes 1 localRanks 2 localRank 1 MNNVL 0
pluto-prod-yutengl-dev-202-3-0:2343785:2343785 [1] NCCL INFO Trees [0] -1/-1/-1->1->0 [1] -1/-1/-1->1->0 [2] -1/-1/-1->1->0 [3] -1/-1/-1->1->0 [4] -1/-1/-1->1->0 [5] -1/-1/-1->1->0 [6] 0/-1/-1->1->-1 [7] 0/-1/-1->1->-1 [8] 0/-1/-1->1->-1 [9] 0/-1/-1->1->-1 [10] 0/-1/-1->1->-1 [11] 0/-1/-1->1->-1 [12] -1/-1/-1->1->0 [13] -1/-1/-1->1->0 [14] -1/-1/-1->1->0 [15] -1/-1/-1->1->0 [16] -1/-1/-1->1->0 [17] -1/-1/-1->1->0 [18] 0/-1/-1->1->-1 [19] 0/-1/-1->1->-1 [20] 0/-1/-1->1->-1 [21] 0/-1/-1->1->-1 [22] 0/-1/-1->1->-1 [23] 0/-1/-1->1->-1
pluto-prod-yutengl-dev-202-3-0:2343785:2343785 [1] NCCL INFO P2P Chunksize set to 524288
pluto-prod-yutengl-dev-202-3-0:2343785:2343785 [1] NCCL INFO PROFILER/Plugin: Could not find: libnccl-profiler.so
pluto-prod-yutengl-dev-202-3-0:2343785:2343785 [1] NCCL INFO Check P2P Type isAllDirectP2p 1 directMode 0 isAllCudaP2p 1
pluto-prod-yutengl-dev-202-3-0:2343785:2344528 [0] NCCL INFO [Proxy Service] Device 1 CPU core 29
pluto-prod-yutengl-dev-202-3-0:2343785:2344529 [0] NCCL INFO [Proxy Service UDS] Device 1 CPU core 142
pluto-prod-yutengl-dev-202-3-0:2343785:2343785 [1] NCCL INFO Channel 00/0 : 1[1] -> 0[0] via P2P/IPC
pluto-prod-yutengl-dev-202-3-0:2343785:2343785 [1] NCCL INFO Channel 01/0 : 1[1] -> 0[0] via P2P/IPC
pluto-prod-yutengl-dev-202-3-0:2343785:2343785 [1] NCCL INFO Channel 02/0 : 1[1] -> 0[0] via P2P/IPC
pluto-prod-yutengl-dev-202-3-0:2343785:2343785 [1] NCCL INFO Channel 03/0 : 1[1] -> 0[0] via P2P/IPC
pluto-prod-yutengl-dev-202-3-0:2343785:2343785 [1] NCCL INFO Channel 04/0 : 1[1] -> 0[0] via P2P/IPC
pluto-prod-yutengl-dev-202-3-0:2343785:2343785 [1] NCCL INFO Channel 05/0 : 1[1] -> 0[0] via P2P/IPC
pluto-prod-yutengl-dev-202-3-0:2343785:2343785 [1] NCCL INFO Channel 06/0 : 1[1] -> 0[0] via P2P/IPC
pluto-prod-yutengl-dev-202-3-0:2343785:2343785 [1] NCCL INFO Channel 07/0 : 1[1] -> 0[0] via P2P/IPC
pluto-prod-yutengl-dev-202-3-0:2343785:2343785 [1] NCCL INFO Channel 08/0 : 1[1] -> 0[0] via P2P/IPC
pluto-prod-yutengl-dev-202-3-0:2343785:2343785 [1] NCCL INFO Channel 09/0 : 1[1] -> 0[0] via P2P/IPC
pluto-prod-yutengl-dev-202-3-0:2343785:2343785 [1] NCCL INFO Channel 10/0 : 1[1] -> 0[0] via P2P/IPC
pluto-prod-yutengl-dev-202-3-0:2343785:2343785 [1] NCCL INFO Channel 11/0 : 1[1] -> 0[0] via P2P/IPC
pluto-prod-yutengl-dev-202-3-0:2343785:2343785 [1] NCCL INFO Channel 12/0 : 1[1] -> 0[0] via P2P/IPC
pluto-prod-yutengl-dev-202-3-0:2343785:2343785 [1] NCCL INFO Channel 13/0 : 1[1] -> 0[0] via P2P/IPC
pluto-prod-yutengl-dev-202-3-0:2343785:2343785 [1] NCCL INFO Channel 14/0 : 1[1] -> 0[0] via P2P/IPC
pluto-prod-yutengl-dev-202-3-0:2343785:2343785 [1] NCCL INFO Channel 15/0 : 1[1] -> 0[0] via P2P/IPC
pluto-prod-yutengl-dev-202-3-0:2343785:2343785 [1] NCCL INFO Channel 16/0 : 1[1] -> 0[0] via P2P/IPC
pluto-prod-yutengl-dev-202-3-0:2343785:2343785 [1] NCCL INFO Channel 17/0 : 1[1] -> 0[0] via P2P/IPC
pluto-prod-yutengl-dev-202-3-0:2343785:2343785 [1] NCCL INFO Channel 18/0 : 1[1] -> 0[0] via P2P/IPC
pluto-prod-yutengl-dev-202-3-0:2343785:2343785 [1] NCCL INFO Channel 19/0 : 1[1] -> 0[0] via P2P/IPC
pluto-prod-yutengl-dev-202-3-0:2343785:2343785 [1] NCCL INFO Channel 20/0 : 1[1] -> 0[0] via P2P/IPC
pluto-prod-yutengl-dev-202-3-0:2343785:2343785 [1] NCCL INFO Channel 21/0 : 1[1] -> 0[0] via P2P/IPC
pluto-prod-yutengl-dev-202-3-0:2343785:2343785 [1] NCCL INFO Channel 22/0 : 1[1] -> 0[0] via P2P/IPC
pluto-prod-yutengl-dev-202-3-0:2343785:2343785 [1] NCCL INFO Channel 23/0 : 1[1] -> 0[0] via P2P/IPC
pluto-prod-yutengl-dev-202-3-0:2343785:2343785 [1] NCCL INFO Connected all rings, use ring PXN 0 GDR 1
pluto-prod-yutengl-dev-202-3-0:2343785:2343785 [1] NCCL INFO Connected all trees
pluto-prod-yutengl-dev-202-3-0:2343785:2344532 [0] NCCL INFO [Proxy Progress] Device 1 CPU core 42
pluto-prod-yutengl-dev-202-3-0:2343785:2343785 [1] NCCL INFO TUNER/Pl[2026-09-15 17:48:07 TP1] Scheduler hit an exception: Traceback (most recent call last):
  File "/home/colligo/sglang-wiki/envs/run/lib/python3.10/site-packages/sglang/srt/managers/scheduler.py", line 5584, in run_scheduler_process
    scheduler = Scheduler(
  File "/home/colligo/sglang-wiki/envs/run/lib/python3.10/site-packages/sglang/srt/managers/scheduler.py", line 553, in __init__
    self.init_model_worker()
  File "/home/colligo/sglang-wiki/envs/run/lib/python3.10/site-packages/sglang/srt/managers/scheduler.py", line 1049, in init_model_worker
    self.init_tp_model_worker()
  File "/home/colligo/sglang-wiki/envs/run/lib/python3.10/site-packages/sglang/srt/managers/scheduler.py", line 971, in init_tp_model_worker
    self.tp_worker = TpModelWorker(**worker_kwargs)
  File "/home/colligo/sglang-wiki/envs/run/lib/python3.10/site-packages/sglang/srt/managers/tp_worker.py", line 351, in __init__
    self._init_model_runner()
  File "/home/colligo/sglang-wiki/envs/run/lib/python3.10/site-packages/sglang/srt/managers/tp_worker.py", line 483, in _init_model_runner
    self._model_runner = ModelRunner(
  File "/home/colligo/sglang-wiki/envs/run/lib/python3.10/site-packages/sglang/srt/model_executor/model_runner.py", line 459, in __init__
    self.initialize()
  File "/home/colligo/sglang-wiki/envs/run/lib/python3.10/site-packages/sglang/srt/model_executor/model_runner.py", line 644, in initialize
    self.maybe_init_expert_location_metadata()
  File "/home/colligo/sglang-wiki/envs/run/lib/python3.10/site-packages/sglang/srt/model_executor/model_runner.py", line 700, in maybe_init_expert_location_metadata
    compute_initial_expert_location_metadata(
  File "/home/colligo/sglang-wiki/envs/run/lib/python3.10/site-packages/sglang/srt/eplb/expert_location.py", line 773, in compute_initial_expert_location_metadata
    return ExpertLocationMetadata.init_trivial(model_config, moe_ep_rank)
  File "/home/colligo/sglang-wiki/envs/run/lib/python3.10/site-packages/sglang/srt/eplb/expert_location.py", line 110, in init_trivial
    common = ExpertLocationMetadata._init_common(model_config)
  File "/home/colligo/sglang-wiki/envs/run/lib/python3.10/site-packages/sglang/srt/eplb/expert_location.py", line 228, in _init_common
    ModelConfigForExpertLocation.from_model_config(model_config)
  File "/home/colligo/sglang-wiki/envs/run/lib/python3.10/site-packages/sglang/srt/eplb/expert_location.py", line 758, in from_model_config
    model_class, _ = get_model_architecture(model_config)
  File "/home/colligo/sglang-wiki/envs/run/lib/python3.10/site-packages/sglang/srt/model_loader/utils.py", line 229, in get_model_architecture
    architectures = resolve_transformers_arch(model_config, architectures)
  File "/home/colligo/sglang-wiki/envs/run/lib/python3.10/site-packages/sglang/srt/model_loader/utils.py", line 154, in resolve_transformers_arch
    raise ValueError(
ValueError: Cannot find model module. 'Cosmos3ForConditionalGeneration' is not a registered model in the Transformers library (only relevant if the model is meant to be in Transformers) and 'AutoModel' is not present in the model config's 'auto_map' (relevant if the model is custom).

[2026-09-15 17:48:07 TP0] Scheduler hit an exception: Traceback (most recent call last):
  File "/home/colligo/sglang-wiki/envs/run/lib/python3.10/site-packages/sglang/srt/managers/scheduler.py", line 5584, in run_scheduler_process
    scheduler = Scheduler(
  File "/home/colligo/sglang-wiki/envs/run/lib/python3.10/site-packages/sglang/srt/managers/scheduler.py", line 553, in __init__
    self.init_model_worker()
  File "/home/colligo/sglang-wiki/envs/run/lib/python3.10/site-packages/sglang/srt/managers/scheduler.py", line 1049, in init_model_worker
    self.init_tp_model_worker()
  File "/home/colligo/sglang-wiki/envs/run/lib/python3.10/site-packages/sglang/srt/managers/scheduler.py", line 971, in init_tp_model_worker
    self.tp_worker = TpModelWorker(**worker_kwargs)
  File "/home/colligo/sglang-wiki/envs/run/lib/python3.10/site-packages/sglang/srt/managers/tp_worker.py", line 351, in __init__
    self._init_model_runner()
  File "/home/colligo/sglang-wiki/envs/run/lib/python3.10/site-packages/sglang/srt/managers/tp_worker.py", line 483, in _init_model_runner
    self._model_runner = ModelRunner(
  File "/home/colligo/sglang-wiki/envs/run/lib/python3.10/site-packages/sglang/srt/model_executor/model_runner.py", line 459, in __init__
    self.initialize()
  File "/home/colligo/sglang-wiki/envs/run/lib/python3.10/site-packages/sglang/srt/model_executor/model_runner.py", line 644, in initialize
    self.maybe_init_expert_location_metadata()
  File "/home/colligo/sglang-wiki/envs/run/lib/python3.10/site-packages/sglang/srt/model_executor/model_runner.py", line 700, in maybe_init_expert_location_metadata
    compute_initial_expert_location_metadata(
  File "/home/colligo/sglang-wiki/envs/run/lib/python3.10/site-packages/sglang/srt/eplb/expert_location.py", line 773, in compute_initial_expert_location_metadata
    return ExpertLocationMetadata.init_trivial(model_config, moe_ep_rank)
  File "/home/colligo/sglang-wiki/envs/run/lib/python3.10/site-packages/sglang/srt/eplb/expert_location.py", line 110, in init_trivial
    common = ExpertLocationMetadata._init_common(model_config)
  File "/home/colligo/sglang-wiki/envs/run/lib/python3.10/site-packages/sglang/srt/eplb/expert_location.py", line 228, in _init_common
    ModelConfigForExpertLocation.from_model_config(model_config)
  File "/home/colligo/sglang-wiki/envs/run/lib/python3.10/site-packages/sglang/srt/eplb/expert_location.py", line 758, in from_model_config
    model_class, _ = get_model_architecture(model_config)
  File "/home/colligo/sglang-wiki/envs/run/lib/python3.10/site-packages/sglang/srt/model_loader/utils.py", line 229, in get_model_architecture
    architectures = resolve_transformers_arch(model_config, architectures)
  File "/home/colligo/sglang-wiki/envs/run/lib/python3.10/site-packages/sglang/srt/model_loader/utils.py", line 154, in resolve_transformers_arch
    raise ValueError(
ValueError: Cannot find model module. 'Cosmos3ForConditionalGeneration' is not a registered model in the Transformers library (only relevant if the model is meant to be in Transformers) and 'AutoModel' is not present in the model config's 'auto_map' (relevant if the model is custom).

[2026-09-15 17:48:07] Received sigquit from a child process. It usually means the child failed.
FAILED
tests/integration/cosmos3/test_super_gpu.py::test_super_reasoner[image] Failed to import mooncake: No module named 'mooncake'. MooncakeRelay will not work. Install with: pip install mooncake-transfer-engine
Failed to import nixl: No module named 'nixl'. NixlRelay will not work.
Failed to import torchada: No module named 'torchada'. MUSA platform compatibility will not work.
